DROP USER disabled_user;
DROP PROFILE disabled_profile;
